C:\Users\helos\OneDrive - SPTech School\2º Semestre\Pesquisa e Inovação II\Aplicacao-java-individual\app-individual\src\main\java\Entidades\Usuario.java
C:\Users\helos\OneDrive - SPTech School\2º Semestre\Pesquisa e Inovação II\Aplicacao-java-individual\app-individual\src\main\java\Entidades\Processador.java
C:\Users\helos\OneDrive - SPTech School\2º Semestre\Pesquisa e Inovação II\Aplicacao-java-individual\app-individual\src\main\java\Entidades\SistemaOperacional.java
C:\Users\helos\OneDrive - SPTech School\2º Semestre\Pesquisa e Inovação II\Aplicacao-java-individual\app-individual\src\main\java\Entidades\Computador.java
C:\Users\helos\OneDrive - SPTech School\2º Semestre\Pesquisa e Inovação II\Aplicacao-java-individual\app-individual\src\main\java\Entidades\Janelas.java
C:\Users\helos\OneDrive - SPTech School\2º Semestre\Pesquisa e Inovação II\Aplicacao-java-individual\app-individual\src\main\java\Models\UsuarioDAO.java
C:\Users\helos\OneDrive - SPTech School\2º Semestre\Pesquisa e Inovação II\Aplicacao-java-individual\app-individual\src\main\java\Entidades\Disco.java
C:\Users\helos\OneDrive - SPTech School\2º Semestre\Pesquisa e Inovação II\Aplicacao-java-individual\app-individual\src\main\java\Models\SistemaOperacionalDAO.java
C:\Users\helos\OneDrive - SPTech School\2º Semestre\Pesquisa e Inovação II\Aplicacao-java-individual\app-individual\src\main\java\Main\App.java
C:\Users\helos\OneDrive - SPTech School\2º Semestre\Pesquisa e Inovação II\Aplicacao-java-individual\app-individual\src\main\java\Models\DiscoDAO.java
C:\Users\helos\OneDrive - SPTech School\2º Semestre\Pesquisa e Inovação II\Aplicacao-java-individual\app-individual\src\main\java\Conexao\Conexao.java
C:\Users\helos\OneDrive - SPTech School\2º Semestre\Pesquisa e Inovação II\Aplicacao-java-individual\app-individual\src\main\java\Models\MemoriaRamDAO.java
C:\Users\helos\OneDrive - SPTech School\2º Semestre\Pesquisa e Inovação II\Aplicacao-java-individual\app-individual\src\main\java\Models\ComputadorDAO.java
C:\Users\helos\OneDrive - SPTech School\2º Semestre\Pesquisa e Inovação II\Aplicacao-java-individual\app-individual\src\main\java\Models\PersistenciaDAO.java
C:\Users\helos\OneDrive - SPTech School\2º Semestre\Pesquisa e Inovação II\Aplicacao-java-individual\app-individual\src\main\java\Models\ProcessadorDAO.java
C:\Users\helos\OneDrive - SPTech School\2º Semestre\Pesquisa e Inovação II\Aplicacao-java-individual\app-individual\src\main\java\Entidades\PersistenciaDeDados.java
C:\Users\helos\OneDrive - SPTech School\2º Semestre\Pesquisa e Inovação II\Aplicacao-java-individual\app-individual\src\main\java\Entidades\MemoriaRam.java
C:\Users\helos\OneDrive - SPTech School\2º Semestre\Pesquisa e Inovação II\Aplicacao-java-individual\app-individual\src\main\java\Models\JanelasDAO.java
